// Jest Snapshot v1, https://goo.gl/fbAQLP

exports[`Testing <Header/> Header is rendered correctly 1`] = `ShallowWrapper {}`;
