// Jest Snapshot v1, https://goo.gl/fbAQLP

exports[`Testing <RandomChar/> RandomChar is rendered correctly 1`] = `ShallowWrapper {}`;
